
Start Logging
2026-05-31T17:38:19.138316310
Server Test started
Testing server: https://files.echovr.de/
https://files.echovr.de/: 3808975987
Online File size: 5024528313 bytes
Downloader Logs:
File URL: https://files.echovr.de/ready-at-dawn-echo-arena.zip
localFilePath: /home/mia/IdeaProjects/Echo-VR-Installer/echovr
Directory already exists
Already downloaded
extract /home/mia/IdeaProjects/Echo-VR-Installer/echovr\ready-at-dawn-echo-arena.zip -> /home/mia/IdeaProjects/Echo-VR-Installer/echovr
java.nio.file.NoSuchFileException: /home/mia/IdeaProjects/Echo-VR-Installer/echovr\ready-at-dawn-echo-arena.zip
	at java.base/sun.nio.fs.UnixException.translateToIOException(UnixException.java:92)
	at java.base/sun.nio.fs.UnixException.rethrowAsIOException(UnixException.java:106)
	at java.base/sun.nio.fs.UnixException.rethrowAsIOException(UnixException.java:111)
	at java.base/sun.nio.fs.UnixFileAttributeViews$Basic.readAttributes(UnixFileAttributeViews.java:55)
	at java.base/sun.nio.fs.UnixFileSystemProvider.readAttributes(UnixFileSystemProvider.java:148)
	at java.base/sun.nio.fs.LinuxFileSystemProvider.readAttributes(LinuxFileSystemProvider.java:99)
	at java.base/java.nio.file.Files.readAttributes(Files.java:1851)
	at java.base/java.util.zip.ZipFile$Source.get(ZipFile.java:1435)
	at java.base/java.util.zip.ZipFile$CleanableResource.<init>(ZipFile.java:718)
	at java.base/java.util.zip.ZipFile.<init>(ZipFile.java:252)
	at java.base/java.util.zip.ZipFile.<init>(ZipFile.java:181)
	at java.base/java.util.zip.ZipFile.<init>(ZipFile.java:152)
	at bl00dy_c0d3_.echovr_installer@1.0-SNAPSHOT/bl00dy_c0d3_.echovr_installer.UnzipFile.lambda$unzip$4(UnzipFile.java:31)
	at java.base/java.lang.Thread.run(Thread.java:842)

Start Logging
2026-05-31T17:40:23.743695720
Server Test started
Testing server: https://files.echovr.de/
https://files.echovr.de/: 3913504223
Online File size: 5024528313 bytes
Downloader Logs:
File URL: https://files.echovr.de/ready-at-dawn-echo-arena.zip
localFilePath: /home/mia/IdeaProjects/Echo-VR-Installer/echovr
Directory already exists
Already downloaded
extract /home/mia/IdeaProjects/Echo-VR-Installer/echovr/ready-at-dawn-echo-arena.zip -> /home/mia/IdeaProjects/Echo-VR-Installer/echovr
done

Start Logging
2026-05-31T17:41:35.788161994

Start Logging
2026-05-31T17:44:29.109583199
Server Test started
Testing server: https://files.echovr.de/
https://files.echovr.de/: 4058624880
Online File size: 5024528313 bytes
Downloader Logs:
File URL: https://files.echovr.de/ready-at-dawn-echo-arena.zip
localFilePath: /home/mia/IdeaProjects/Echo-VR-Installer/echovr
Directory already exists
Already downloaded
extract /home/mia/IdeaProjects/Echo-VR-Installer/echovr/ready-at-dawn-echo-arena.zip -> /home/mia/IdeaProjects/Echo-VR-Installer/echovr
done

Start Logging
2026-05-31T17:51:36.145148457
Server Test started
Testing server: https://files.echovr.de/
https://files.echovr.de/: 3863006314
Online File size: 5024528313 bytes
Downloader Logs:
File URL: https://files.echovr.de/ready-at-dawn-echo-arena.zip
localFilePath: /home/mia/IdeaProjects/Echo-VR-Installer/echovr
Directory already exists
Already downloaded
extract /home/mia/IdeaProjects/Echo-VR-Installer/echovr/ready-at-dawn-echo-arena.zip -> /home/mia/IdeaProjects/Echo-VR-Installer/echovr
done

Start Logging
2026-05-31T17:54:33.823629526
Server Test started
Testing server: https://files.echovr.de/
https://files.echovr.de/: 4530299066
Online File size: 5024528313 bytes
Downloader Logs:
File URL: https://files.echovr.de/ready-at-dawn-echo-arena.zip
localFilePath: /home/mia/IdeaProjects/Echo-VR-Installer/echovr
Directory already exists
Already downloaded
extract /home/mia/IdeaProjects/Echo-VR-Installer/echovr/ready-at-dawn-echo-arena.zip -> /home/mia/IdeaProjects/Echo-VR-Installer/echovr
done

Start Logging
2026-05-31T17:57:11.534071092
Server Test started
Testing server: https://files.echovr.de/
https://files.echovr.de/: 4290353626
Online File size: 5024528313 bytes
Downloader Logs:
File URL: https://files.echovr.de/ready-at-dawn-echo-arena.zip
localFilePath: /home/mia/IdeaProjects/Echo-VR-Installer/echovr
Directory already exists
Already downloaded
extract /home/mia/IdeaProjects/Echo-VR-Installer/echovr/ready-at-dawn-echo-arena.zip -> /home/mia/IdeaProjects/Echo-VR-Installer/echovr
done

Start Logging
2026-05-31T17:59:13.435641164
Server Test started
Testing server: https://files.echovr.de/
https://files.echovr.de/: 4191037200
Online File size: 5024528313 bytes
Downloader Logs:
File URL: https://files.echovr.de/ready-at-dawn-echo-arena.zip
localFilePath: /home/mia/IdeaProjects/Echo-VR-Installer/echovr
Directory already exists
Already downloaded
extract /home/mia/IdeaProjects/Echo-VR-Installer/echovr/ready-at-dawn-echo-arena.zip -> /home/mia/IdeaProjects/Echo-VR-Installer/echovr
done

Start Logging
2026-05-31T18:04:03.849779504
Server Test started
Testing server: https://files.echovr.de/
https://files.echovr.de/: 3947355509
Online File size: 5024528313 bytes
Downloader Logs:
File URL: https://files.echovr.de/ready-at-dawn-echo-arena.zip
localFilePath: /home/mia/IdeaProjects/Echo-VR-Installer/echovr
Directory already exists
Already downloaded
extract /home/mia/IdeaProjects/Echo-VR-Installer/echovr/ready-at-dawn-echo-arena.zip -> /home/mia/IdeaProjects/Echo-VR-Installer/echovr
done

Start Logging
2026-05-31T18:08:02.325551082

Start Logging
2026-05-31T18:10:51.465979936

Start Logging
2026-05-31T18:11:58.522551822
Server Test started
Testing server: https://files.echovr.de/
https://files.echovr.de/: 5344415530
Online File size: 5024528313 bytes
Downloader Logs:
File URL: https://files.echovr.de/ready-at-dawn-echo-arena.zip
localFilePath: /home/mia/IdeaProjects/Echo-VR-Installer/echovr
Directory already exists
Already downloaded
extract /home/mia/IdeaProjects/Echo-VR-Installer/echovr/ready-at-dawn-echo-arena.zip -> /home/mia/IdeaProjects/Echo-VR-Installer/echovr
done

Start Logging
2026-05-31T18:13:47.897960376
Server Test started
Testing server: https://files.echovr.de/
https://files.echovr.de/: 4160316459
Online File size: 5024528313 bytes
Downloader Logs:
File URL: https://files.echovr.de/ready-at-dawn-echo-arena.zip
localFilePath: /home/mia/IdeaProjects/Echo-VR-Installer/echovr
Directory already exists
Already downloaded
extract /home/mia/IdeaProjects/Echo-VR-Installer/echovr/ready-at-dawn-echo-arena.zip -> /home/mia/IdeaProjects/Echo-VR-Installer/echovr
done
Server Test started
Testing server: https://files.echovr.de/
https://files.echovr.de/: 4273967459
Online File size: 5024528313 bytes
Downloader Logs:
File URL: https://files.echovr.de/ready-at-dawn-echo-arena.zip
localFilePath: /home/mia/IdeaProjects/Echo-VR-Installer/echovr
Directory already exists
Already downloaded
extract /home/mia/IdeaProjects/Echo-VR-Installer/echovr/ready-at-dawn-echo-arena.zip -> /home/mia/IdeaProjects/Echo-VR-Installer/echovr
done

Start Logging
2026-05-31T18:39:20.628851576

Start Logging
2026-05-31T18:42:26.050580229

Start Logging
2026-05-31T18:51:47.689277600

Start Logging
2026-05-31T18:54:47.112773356

Start Logging
2026-05-31T18:59:06.123740779
ECHO CHECK: path=/ready-at-dawn-echo-arena exists=false isDir=false

Start Logging
2026-05-31T19:00:13.897895191
ECHO CHECK: path=/home/mia/IdeaProjects/Echo-VR-Installer/echovr/ready-at-dawn-echo-arena exists=true isDir=true
ECHO CHECK: path=/home/mia/IdeaProjects/Echo-VR-Installer/echovr/ready-at-dawn-echo-arena exists=true isDir=true

Start Logging
2026-05-31T19:00:38.439954766
ECHO CHECK: path=/home/mia/IdeaProjects/Echo-VR-Installer/echovr/ready-at-dawn-echo-arena exists=true isDir=true

Start Logging
2026-05-31T19:02:00.161810091
ECHO CHECK: path=/home/mia/IdeaProjects/Echo-VR-Installer/echovr/ready-at-dawn-echo-arena/bin/win10/echovr.exe exists=true isDir=false
ECHO CHECK: path=/home/mia/IdeaProjects/Echo-VR-Installer/echovr/ready-at-dawn-echo-arena/bin/win10/echovr.exe exists=false isDir=false
ECHO CHECK: path=/home/mia/IdeaProjects/Echo-VR-Installer/echovr/ready-at-dawn-echo-arena/bin/win10/echovr.exe exists=false isDir=false
ECHO CHECK: path=/home/mia/IdeaProjects/Echo-VR-Installer/echovr/ready-at-dawn-echo-arena/bin/win10/echovr.exe exists=false isDir=false

Start Logging
2026-05-31T19:05:24.709021454
ECHO CHECK: path=/home/mia/IdeaProjects/Echo-VR-Installer/echovr/ready-at-dawn-echo-arena/bin/win10/echovr.exe exists=false
ECHO CHECK: path=/home/mia/IdeaProjects/Echo-VR-Installer/echovr/ready-at-dawn-echo-arena/bin/win10/echovr.exe exists=false
Server Test started
Testing server: https://files.echovr.de/
https://files.echovr.de/: 5391678797
Online File size: 5024528313 bytes
Downloader Logs:
File URL: https://files.echovr.de/ready-at-dawn-echo-arena.zip
localFilePath: /home/mia/IdeaProjects/Echo-VR-Installer/echovr
Directory already exists
Already downloaded
extract /home/mia/IdeaProjects/Echo-VR-Installer/echovr/ready-at-dawn-echo-arena.zip -> /home/mia/IdeaProjects/Echo-VR-Installer/echovr
ECHO CHECK: path=/home/mia/IdeaProjects/Echo-VR-Installer/echovr/ready-at-dawn-echo-arena/bin/win10/echovr.exe exists=true
done
ECHO CHECK: path=/home/mia/IdeaProjects/Echo-VR-Installer/echovr/ready-at-dawn-echo-arena/bin/win10/echovr.exe exists=true
ECHO CHECK: path=/home/mia/IdeaProjects/Echo-VR-Installer/echovr/ready-at-dawn-echo-arena/bin/win10/echovr.exe exists=false
Server Test started
Testing server: https://files.echovr.de/
https://files.echovr.de/: 4397647266
Online File size: 5024528313 bytes
Downloader Logs:
File URL: https://files.echovr.de/ready-at-dawn-echo-arena.zip
localFilePath: /home/mia/IdeaProjects/Echo-VR-Installer/echovr
Directory already exists
Already downloaded
extract /home/mia/IdeaProjects/Echo-VR-Installer/echovr/ready-at-dawn-echo-arena.zip -> /home/mia/IdeaProjects/Echo-VR-Installer/echovr
done

Start Logging
2026-05-31T19:08:48.036190977
ECHO CHECK: path=/home/mia/IdeaProjects/Echo-VR-Installer/echovr/ready-at-dawn-echo-arena/bin/win10/echovr.exe exists=false
Server Test started
Testing server: https://files.echovr.de/
ECHO CHECK: path=/home/mia/IdeaProjects/Echo-VR-Installer/echovr/ready-at-dawn-echo-arena/bin/win10/echovr.exe exists=false
https://files.echovr.de/: 4138596124
Online File size: 5024528313 bytes
Downloader Logs:
File URL: https://files.echovr.de/ready-at-dawn-echo-arena.zip
localFilePath: /home/mia/IdeaProjects/Echo-VR-Installer/echovr
Directory already exists
Already downloaded
extract /home/mia/IdeaProjects/Echo-VR-Installer/echovr/ready-at-dawn-echo-arena.zip -> /home/mia/IdeaProjects/Echo-VR-Installer/echovr
Server Test started
Testing server: https://files.echovr.de/
ECHO CHECK: path=/home/mia/IdeaProjects/Echo-VR-Installer/echovr/ready-at-dawn-echo-arena/bin/win10/echovr.exe exists=true
https://files.echovr.de/: 4290614968
Online File size: 5024528313 bytes
Downloader Logs:
File URL: https://files.echovr.de/ready-at-dawn-echo-arena.zip
localFilePath: /home/mia/IdeaProjects/Echo-VR-Installer/echovr
Directory already exists
Already downloaded
extract /home/mia/IdeaProjects/Echo-VR-Installer/echovr/ready-at-dawn-echo-arena.zip -> /home/mia/IdeaProjects/Echo-VR-Installer/echovr
ECHO CHECK: path=/home/mia/IdeaProjects/Echo-VR-Installer/echovr/ready-at-dawn-echo-arena/bin/win10/echovr.exe exists=false
ECHO CHECK: path=/home/mia/IdeaProjects/Echo-VR-Installer/echovr/ready-at-dawn-echo-arena/bin/win10/echovr.exe exists=false
Server Test started
Testing server: https://files.echovr.de/
done
https://files.echovr.de/: 4184010926
Online File size: 5024528313 bytes
Downloader Logs:
File URL: https://files.echovr.de/ready-at-dawn-echo-arena.zip
localFilePath: /home/mia/IdeaProjects/Echo-VR-Installer/echovr
Directory already exists
STARTED
done
ECHO CHECK: path=/home/mia/IdeaProjects/Echo-VR-Installer/echovr/ready-at-dawn-echo-arena/bin/win10/echovr.exe exists=false

Start Logging
2026-05-31T19:10:21.803501446
ECHO CHECK: path=/home/mia/IdeaProjects/Echo-VR-Installer/echovr/ready-at-dawn-echo-arena/bin/win10/echovr.exe exists=false
Server Test started
Testing server: https://files.echovr.de/
https://files.echovr.de/: 4254122038
Online File size: 5024528313 bytes
Downloader Logs:
File URL: https://files.echovr.de/ready-at-dawn-echo-arena.zip
localFilePath: /home/mia/IdeaProjects/Echo-VR-Installer/echovr
Directory already exists
STARTED
ECHO CHECK: path=/home/mia/IdeaProjects/Echo-VR-Installer/echovr/ready-at-dawn-echo-arena/bin/win10/echovr.exe exists=false
Server Test started
Testing server: https://files.echovr.de/
ECHO CHECK: path=/home/mia/IdeaProjects/Echo-VR-Installer/echovr/ready-at-dawn-echo-arena/bin/win10/echovr.exe exists=false
https://files.echovr.de/: 4376463124
Online File size: 5024528313 bytes
Downloader Logs:
File URL: https://files.echovr.de/ready-at-dawn-echo-arena.zip
localFilePath: /home/mia/IdeaProjects/Echo-VR-Installer/echovr
Directory already exists
STARTED
Server Test started
Testing server: https://files.echovr.de/
https://files.echovr.de/: 3984831210
Online File size: 5024528313 bytes
Downloader Logs:
File URL: https://files.echovr.de/ready-at-dawn-echo-arena.zip
localFilePath: /home/mia/IdeaProjects/Echo-VR-Installer/echovr
Directory already exists
STARTED
ECHO CHECK: path=/home/mia/IdeaProjects/Echo-VR-Installer/echovr/ready-at-dawn-echo-arena/bin/win10/echovr.exe exists=false
Server Test started
Testing server: https://files.echovr.de/
https://files.echovr.de/: 21650833335
Online File size: 5024528313 bytes
Downloader Logs:
File URL: https://files.echovr.de/ready-at-dawn-echo-arena.zip
localFilePath: /home/mia/IdeaProjects/Echo-VR-Installer/echovr
Directory already exists
STARTED

Start Logging
2026-05-31T19:14:38.163852620
ECHO CHECK: path=/home/mia/IdeaProjects/Echo-VR-Installer/echovr/ready-at-dawn-echo-arena/bin/win10/echovr.exe exists=false
Server Test started
Testing server: https://files.echovr.de/
ECHO CHECK: path=/home/mia/IdeaProjects/Echo-VR-Installer/echovr/ready-at-dawn-echo-arena/bin/win10/echovr.exe exists=false
Server Test started
Testing server: https://files.echovr.de/

Start Logging
2026-05-31T19:15:55.924803191
ECHO CHECK: path=/home/mia/IdeaProjects/Echo-VR-Installer/echovr/ready-at-dawn-echo-arena/bin/win10/echovr.exe exists=false
Server Test started
Testing server: https://files.echovr.de/

Start Logging
2026-05-31T19:16:33.857403942

Start Logging
2026-05-31T19:18:15.776873230
ECHO CHECK: path=/home/mia/IdeaProjects/Echo-VR-Installer/echovr/ready-at-dawn-echo-arena/bin/win10/echovr.exe exists=false
ECHO CHECK: path=/home/mia/IdeaProjects/Echo-VR-Installer/echovr/ready-at-dawn-echo-arena/bin/win10/echovr.exe exists=false

Start Logging
2026-05-31T19:25:05.520415354

Start Logging
2026-05-31T19:28:09.964191354
ECHO CHECK: path=/home/mia/IdeaProjects/Echo-VR-Installer/echovr/ready-at-dawn-echo-arena/bin/win10/echovr.exe exists=false
Server Test started
Testing server: https://files.echovr.de/
https://files.echovr.de/: 3763440024
Online File size: 5024528313 bytes
Downloader Logs:
File URL: https://files.echovr.de/ready-at-dawn-echo-arena.zip
localFilePath: /home/mia/IdeaProjects/Echo-VR-Installer/echovr
Directory already exists
STARTED
extract /home/mia/IdeaProjects/Echo-VR-Installer/echovr/ready-at-dawn-echo-arena.zip -> /home/mia/IdeaProjects/Echo-VR-Installer/echovr
done
ECHO CHECK: path=/home/mia/IdeaProjects/Echo-VR-Installer/echovr/ready-at-dawn-echo-arena/bin/win10/echovr.exe exists=true
ECHO CHECK: path=/home/mia/IdeaProjects/Echo-VR-Installer/echovr/ready-at-dawn-echo-arena/bin/win10/echovr.exe exists=true
ECHO CHECK: path=/home/mia/IdeaProjects/Echo-VR-Installer/echovr/ready-at-dawn-echo-arena/bin/win10/echovr.exe exists=true
ECHO CHECK: path=/home/mia/IdeaProjects/Echo-VR-Installer/echovr/ready-at-dawn-echo-arena/bin/win10/echovr.exe exists=true
ECHO CHECK: path=/home/mia/IdeaProjects/Echo-VR-Installer/echovr/ready-at-dawn-echo-arena/bin/win10/echovr.exe exists=true

Start Logging
2026-05-31T20:19:57.432447688
ECHO CHECK: path=/home/mia/IdeaProjects/Echo-VR-Installer/echovr/ready-at-dawn-echo-arena/bin/win10/echovr.exe exists=true
ECHO CHECK: path=/home/mia/IdeaProjects/Echo-VR-Installer/echovr/ready-at-dawn-echo-arena/bin/win10/echovr.exe exists=true

Start Logging
2026-05-31T20:23:22.079055023

Start Logging
2026-05-31T20:23:51.492450815
ECHO CHECK: path=/home/mia/IdeaProjects/Echo-VR-Installer/echovr/ready-at-dawn-echo-arena/bin/win10/echovr.exe exists=true

Start Logging
2026-05-31T20:37:12.413316618

Start Logging
2026-05-31T20:37:16.070672826
ECHO CHECK: path=/home/mia/IdeaProjects/Echo-VR-Installer/echovr/ready-at-dawn-echo-arena/bin/win10/echovr.exe exists=true

Start Logging
2026-05-31T20:41:41.070987236
ECHO CHECK: path=/home/mia/IdeaProjects/Echo-VR-Installer/echovr/ready-at-dawn-echo-arena/bin/win10/echovr.exe exists=true
Exception in thread "Thread-4" java.lang.IllegalStateException: Not on FX application thread; currentThread = Thread-4
	at javafx.graphics/com.sun.javafx.tk.Toolkit.checkFxUserThread(Toolkit.java:295)
	at javafx.graphics/com.sun.javafx.tk.quantum.QuantumToolkit.checkFxUserThread(QuantumToolkit.java:458)
	at javafx.web/javafx.scene.web.WebEngine.checkThread(WebEngine.java:1220)
	at javafx.web/javafx.scene.web.WebEngine.executeScript(WebEngine.java:983)
	at bl00dy_c0d3_.echovr_installer@1.0-SNAPSHOT/bl00dy_c0d3_.echovr_installer.FrameGuidance$10.lambda$mouseReleased$0(FrameGuidance.java:416)
	at java.base/java.lang.Thread.run(Thread.java:842)

Start Logging
2026-05-31T20:45:53.464927629
ECHO CHECK: path=/home/mia/IdeaProjects/Echo-VR-Installer/echovr/ready-at-dawn-echo-arena/bin/win10/echovr.exe exists=true
Exception in thread "Thread-4" java.lang.IllegalStateException: Not on FX application thread; currentThread = Thread-4
	at javafx.graphics/com.sun.javafx.tk.Toolkit.checkFxUserThread(Toolkit.java:295)
	at javafx.graphics/com.sun.javafx.tk.quantum.QuantumToolkit.checkFxUserThread(QuantumToolkit.java:458)
	at javafx.web/javafx.scene.web.WebEngine.checkThread(WebEngine.java:1220)
	at javafx.web/javafx.scene.web.WebEngine.executeScript(WebEngine.java:983)
	at bl00dy_c0d3_.echovr_installer@1.0-SNAPSHOT/bl00dy_c0d3_.echovr_installer.FrameGuidance$10.lambda$mouseReleased$0(FrameGuidance.java:416)
	at java.base/java.lang.Thread.run(Thread.java:842)

Start Logging
2026-05-31T20:48:28.156887449
ECHO CHECK: path=/home/mia/IdeaProjects/Echo-VR-Installer/echovr/ready-at-dawn-echo-arena/bin/win10/echovr.exe exists=true
Exception in thread "Thread-4" java.lang.IllegalStateException: Not on FX application thread; currentThread = Thread-4
	at javafx.graphics/com.sun.javafx.tk.Toolkit.checkFxUserThread(Toolkit.java:295)
	at javafx.graphics/com.sun.javafx.tk.quantum.QuantumToolkit.checkFxUserThread(QuantumToolkit.java:458)
	at javafx.web/javafx.scene.web.WebEngine.checkThread(WebEngine.java:1220)
	at javafx.web/javafx.scene.web.WebEngine.executeScript(WebEngine.java:983)
	at bl00dy_c0d3_.echovr_installer@1.0-SNAPSHOT/bl00dy_c0d3_.echovr_installer.FrameGuidance$10.lambda$mouseReleased$0(FrameGuidance.java:432)
	at java.base/java.lang.Thread.run(Thread.java:842)

Start Logging
2026-05-31T20:52:30.938616199
ECHO CHECK: path=/home/mia/IdeaProjects/Echo-VR-Installer/echovr/ready-at-dawn-echo-arena/bin/win10/echovr.exe exists=true
Exception in thread "JavaFX Application Thread" java.lang.NullPointerException: Cannot invoke "com.sun.prism.GraphicsPipeline.is3DSupported()" because the return value of "com.sun.prism.GraphicsPipeline.getPipeline()" is null
	at javafx.graphics/com.sun.javafx.tk.quantum.QuantumToolkit.isSupported(QuantumToolkit.java:1221)
	at javafx.graphics/com.sun.javafx.application.PlatformImpl.isSupportedImpl(PlatformImpl.java:1045)
	at javafx.graphics/com.sun.javafx.application.PlatformImpl.isSupported(PlatformImpl.java:656)
	at javafx.graphics/javafx.application.Platform.isSupported(Platform.java:262)
	at javafx.graphics/com.sun.javafx.scene.input.PickResultChooser.processOffer(PickResultChooser.java:182)
	at javafx.graphics/com.sun.javafx.scene.input.PickResultChooser.offer(PickResultChooser.java:143)
	at javafx.graphics/javafx.scene.Node.doComputeIntersects(Node.java:5228)
	at javafx.graphics/javafx.scene.Node$1.doComputeIntersects(Node.java:466)
	at javafx.graphics/com.sun.javafx.scene.NodeHelper.computeIntersectsImpl(NodeHelper.java:181)
	at javafx.graphics/com.sun.javafx.scene.NodeHelper.computeIntersects(NodeHelper.java:134)
	at javafx.graphics/javafx.scene.Node.intersects(Node.java:5199)
	at javafx.graphics/javafx.scene.Node$1.intersects(Node.java:553)
	at javafx.graphics/com.sun.javafx.scene.NodeHelper.intersects(NodeHelper.java:259)
	at javafx.web/javafx.scene.web.WebView.doPickNodeLocal(WebView.java:1235)
	at javafx.web/javafx.scene.web.WebView$11.doPickNodeLocal(WebView.java:1322)
	at javafx.web/com.sun.java.scene.web.WebViewHelper.pickNodeLocalImpl(WebViewHelper.java:89)
	at javafx.graphics/com.sun.javafx.scene.NodeHelper.pickNodeLocal(NodeHelper.java:129)
	at javafx.graphics/javafx.scene.Node.pickNode(Node.java:5168)
	at javafx.graphics/javafx.scene.Scene$MouseHandler.pickNode(Scene.java:4040)
	at javafx.graphics/javafx.scene.Scene.pick(Scene.java:2058)
	at javafx.graphics/javafx.scene.Scene$MouseHandler.process(Scene.java:3850)
	at javafx.graphics/javafx.scene.Scene.processMouseEvent(Scene.java:1878)
	at javafx.graphics/javafx.scene.Scene$ScenePeerListener.mouseEvent(Scene.java:2623)
	at javafx.graphics/com.sun.javafx.tk.quantum.GlassViewEventHandler$MouseEventNotification.run(GlassViewEventHandler.java:411)
	at javafx.graphics/com.sun.javafx.tk.quantum.GlassViewEventHandler$MouseEventNotification.run(GlassViewEventHandler.java:301)
	at java.base/java.security.AccessController.doPrivileged(AccessController.java:399)
	at javafx.graphics/com.sun.javafx.tk.quantum.GlassViewEventHandler.lambda$handleMouseEvent$2(GlassViewEventHandler.java:450)
	at javafx.graphics/com.sun.javafx.tk.quantum.QuantumToolkit.runWithoutRenderLock(QuantumToolkit.java:424)
	at javafx.graphics/com.sun.javafx.tk.quantum.GlassViewEventHandler.handleMouseEvent(GlassViewEventHandler.java:449)
	at javafx.graphics/com.sun.glass.ui.View.handleMouseEvent(View.java:557)
	at javafx.graphics/com.sun.glass.ui.View.notifyMouse(View.java:943)
	at javafx.graphics/com.sun.glass.ui.gtk.GtkWindow._setView(Native Method)
	at javafx.graphics/com.sun.glass.ui.Window.setView(Window.java:423)
	at javafx.graphics/com.sun.javafx.tk.quantum.WindowStage.lambda$setScene$1(WindowStage.java:298)
	at javafx.graphics/com.sun.javafx.tk.quantum.QuantumToolkit.runWithRenderLock(QuantumToolkit.java:442)
	at javafx.graphics/com.sun.javafx.tk.quantum.WindowStage.setScene(WindowStage.java:294)
	at javafx.graphics/javafx.stage.Window$12.invalidated(Window.java:1146)
	at javafx.base/javafx.beans.property.BooleanPropertyBase.markInvalid(BooleanPropertyBase.java:110)
	at javafx.base/javafx.beans.property.BooleanPropertyBase.set(BooleanPropertyBase.java:145)
	at javafx.graphics/javafx.stage.Window.setShowing(Window.java:1190)
	at javafx.graphics/javafx.stage.Window.hide(Window.java:1215)
	at javafx.graphics/com.sun.javafx.stage.WindowCloseRequestHandler.dispatchBubblingEvent(WindowCloseRequestHandler.java:45)
	at javafx.base/com.sun.javafx.event.CompositeEventDispatcher.dispatchBubblingEvent(CompositeEventDispatcher.java:59)
	at javafx.base/com.sun.javafx.event.BasicEventDispatcher.dispatchEvent(BasicEventDispatcher.java:58)
	at javafx.base/com.sun.javafx.event.EventDispatchChainImpl.dispatchEvent(EventDispatchChainImpl.java:114)
	at javafx.base/com.sun.javafx.event.EventUtil.fireEventImpl(EventUtil.java:74)
	at javafx.base/com.sun.javafx.event.EventUtil.fireEvent(EventUtil.java:54)
	at javafx.base/javafx.event.Event.fireEvent(Event.java:198)
	at javafx.graphics/com.sun.javafx.stage.WindowPeerListener.closing(WindowPeerListener.java:93)
	at javafx.graphics/com.sun.javafx.tk.quantum.GlassWindowEventHandler.run(GlassWindowEventHandler.java:147)
	at javafx.graphics/com.sun.javafx.tk.quantum.GlassWindowEventHandler.run(GlassWindowEventHandler.java:40)
	at java.base/java.security.AccessController.doPrivileged(AccessController.java:399)
	at javafx.graphics/com.sun.javafx.tk.quantum.GlassWindowEventHandler.lambda$handleWindowEvent$4(GlassWindowEventHandler.java:178)
	at javafx.graphics/com.sun.javafx.tk.quantum.QuantumToolkit.runWithoutRenderLock(QuantumToolkit.java:424)
	at javafx.graphics/com.sun.javafx.tk.quantum.GlassWindowEventHandler.handleWindowEvent(GlassWindowEventHandler.java:176)
	at javafx.graphics/com.sun.glass.ui.Window.handleWindowEvent(Window.java:1336)
	at javafx.graphics/com.sun.glass.ui.Window.notifyClose(Window.java:1241)
	at javafx.graphics/com.sun.glass.ui.gtk.GtkApplication._runLoop(Native Method)
	at javafx.graphics/com.sun.glass.ui.gtk.GtkApplication.lambda$runLoop$11(GtkApplication.java:290)
	at java.base/java.lang.Thread.run(Thread.java:842)

Start Logging
2026-05-31T20:56:14.622129006

Start Logging
2026-05-31T20:56:53.409049670
ECHO CHECK: path=/home/mia/IdeaProjects/Echo-VR-Installer/echovr/ready-at-dawn-echo-arena/bin/win10/echovr.exe exists=true
Exception in thread "Thread-4" java.lang.IllegalStateException: Not on FX application thread; currentThread = Thread-4
	at javafx.graphics/com.sun.javafx.tk.Toolkit.checkFxUserThread(Toolkit.java:295)
	at javafx.graphics/com.sun.javafx.tk.quantum.QuantumToolkit.checkFxUserThread(QuantumToolkit.java:458)
	at javafx.web/javafx.scene.web.WebEngine.checkThread(WebEngine.java:1220)
	at javafx.web/javafx.scene.web.WebEngine.executeScript(WebEngine.java:983)
	at bl00dy_c0d3_.echovr_installer@1.0-SNAPSHOT/bl00dy_c0d3_.echovr_installer.FrameGuidance$10.lambda$mouseReleased$0(FrameGuidance.java:449)
	at java.base/java.lang.Thread.run(Thread.java:842)

Start Logging
2026-05-31T21:07:35.110919367
ECHO CHECK: path=/home/mia/IdeaProjects/Echo-VR-Installer/echovr/ready-at-dawn-echo-arena/bin/win10/echovr.exe exists=true

Start Logging
2026-05-31T21:10:35.343906880
ECHO CHECK: path=/home/mia/IdeaProjects/Echo-VR-Installer/echovr/ready-at-dawn-echo-arena/bin/win10/echovr.exe exists=true
ECHO CHECK: path=/home/mia/IdeaProjects/Echo-VR-Installer/echovr/ready-at-dawn-echo-arena/bin/win10/echovr.exe exists=true

Start Logging
2026-05-31T21:12:29.654481333
ECHO CHECK: path=/home/mia/IdeaProjects/Echo-VR-Installer/echovr/ready-at-dawn-echo-arena/bin/win10/echovr.exe exists=true

Start Logging
2026-05-31T21:16:09.791150368
ECHO CHECK: path=/home/mia/IdeaProjects/Echo-VR-Installer/echovr/ready-at-dawn-echo-arena/bin/win10/echovr.exe exists=true

Start Logging
2026-05-31T21:26:34.818038801
ECHO CHECK: path=/home/mia/IdeaProjects/Echo-VR-Installer/echovr/ready-at-dawn-echo-arena/bin/win10/echovr.exe exists=true
Could not set cookie storage path: com.sun.webkit.network.CookieManager.setStoragePath(java.lang.String)

Start Logging
2026-05-31T21:30:31.945959771
ECHO CHECK: path=/home/mia/IdeaProjects/Echo-VR-Installer/echovr/ready-at-dawn-echo-arena/bin/win10/echovr.exe exists=true
java.lang.UnsupportedOperationException: The BROWSE action is not supported on the current platform!
	at java.desktop/java.awt.Desktop.checkActionSupport(Desktop.java:381)
	at java.desktop/java.awt.Desktop.browse(Desktop.java:531)
	at bl00dy_c0d3_.echovr_installer@1.0-SNAPSHOT/bl00dy_c0d3_.echovr_installer.FrameGuidance$10.mouseReleased(FrameGuidance.java:412)
	at java.desktop/java.awt.AWTEventMulticaster.mouseReleased(AWTEventMulticaster.java:298)
	at java.desktop/java.awt.Component.processMouseEvent(Component.java:6626)
	at java.desktop/javax.swing.JComponent.processMouseEvent(JComponent.java:3389)
	at java.desktop/java.awt.Component.processEvent(Component.java:6391)
	at java.desktop/java.awt.Container.processEvent(Container.java:2266)
	at java.desktop/java.awt.Component.dispatchEventImpl(Component.java:5001)
	at java.desktop/java.awt.Container.dispatchEventImpl(Container.java:2324)
	at java.desktop/java.awt.Component.dispatchEvent(Component.java:4833)
	at java.desktop/java.awt.LightweightDispatcher.retargetMouseEvent(Container.java:4948)
	at java.desktop/java.awt.LightweightDispatcher.processMouseEvent(Container.java:4575)
	at java.desktop/java.awt.LightweightDispatcher.dispatchEvent(Container.java:4516)
	at java.desktop/java.awt.Container.dispatchEventImpl(Container.java:2310)
	at java.desktop/java.awt.Window.dispatchEventImpl(Window.java:2780)
	at java.desktop/java.awt.Component.dispatchEvent(Component.java:4833)
	at java.desktop/java.awt.EventQueue.dispatchEventImpl(EventQueue.java:773)
	at java.desktop/java.awt.EventQueue$4.run(EventQueue.java:722)
	at java.desktop/java.awt.EventQueue$4.run(EventQueue.java:716)
	at java.base/java.security.AccessController.doPrivileged(AccessController.java:399)
	at java.base/java.security.ProtectionDomain$JavaSecurityAccessImpl.doIntersectionPrivilege(ProtectionDomain.java:86)
	at java.base/java.security.ProtectionDomain$JavaSecurityAccessImpl.doIntersectionPrivilege(ProtectionDomain.java:97)
	at java.desktop/java.awt.EventQueue$5.run(EventQueue.java:746)
	at java.desktop/java.awt.EventQueue$5.run(EventQueue.java:744)
	at java.base/java.security.AccessController.doPrivileged(AccessController.java:399)
	at java.base/java.security.ProtectionDomain$JavaSecurityAccessImpl.doIntersectionPrivilege(ProtectionDomain.java:86)
	at java.desktop/java.awt.EventQueue.dispatchEvent(EventQueue.java:743)
	at java.desktop/java.awt.EventDispatchThread.pumpOneEventForFilters(EventDispatchThread.java:203)
	at java.desktop/java.awt.EventDispatchThread.pumpEventsForFilter(EventDispatchThread.java:124)
	at java.desktop/java.awt.EventDispatchThread.pumpEventsForFilter(EventDispatchThread.java:117)
	at java.desktop/java.awt.WaitDispatchSupport$2.run(WaitDispatchSupport.java:191)
	at java.desktop/java.awt.WaitDispatchSupport$4.run(WaitDispatchSupport.java:236)
	at java.desktop/java.awt.WaitDispatchSupport$4.run(WaitDispatchSupport.java:234)
	at java.base/java.security.AccessController.doPrivileged(AccessController.java:318)
	at java.desktop/java.awt.WaitDispatchSupport.enter(WaitDispatchSupport.java:234)
	at java.desktop/java.awt.Dialog.show(Dialog.java:1080)
	at java.desktop/java.awt.Component.show(Component.java:1728)
	at java.desktop/java.awt.Component.setVisible(Component.java:1675)
	at java.desktop/java.awt.Window.setVisible(Window.java:1036)
	at java.desktop/java.awt.Dialog.setVisible(Dialog.java:1016)
	at bl00dy_c0d3_.echovr_installer@1.0-SNAPSHOT/bl00dy_c0d3_.echovr_installer.FrameGuidance.<init>(FrameGuidance.java:56)
	at bl00dy_c0d3_.echovr_installer@1.0-SNAPSHOT/bl00dy_c0d3_.echovr_installer.FrameMain$6.mouseReleased(FrameMain.java:127)
	at java.desktop/java.awt.AWTEventMulticaster.mouseReleased(AWTEventMulticaster.java:298)
	at java.desktop/java.awt.AWTEventMulticaster.mouseReleased(AWTEventMulticaster.java:297)
	at java.desktop/java.awt.Component.processMouseEvent(Component.java:6626)
	at java.desktop/javax.swing.JComponent.processMouseEvent(JComponent.java:3389)
	at java.desktop/java.awt.Component.processEvent(Component.java:6391)
	at java.desktop/java.awt.Container.processEvent(Container.java:2266)
	at java.desktop/java.awt.Component.dispatchEventImpl(Component.java:5001)
	at java.desktop/java.awt.Container.dispatchEventImpl(Container.java:2324)
	at java.desktop/java.awt.Component.dispatchEvent(Component.java:4833)
	at java.desktop/java.awt.LightweightDispatcher.retargetMouseEvent(Container.java:4948)
	at java.desktop/java.awt.LightweightDispatcher.processMouseEvent(Container.java:4575)
	at java.desktop/java.awt.LightweightDispatcher.dispatchEvent(Container.java:4516)
	at java.desktop/java.awt.Container.dispatchEventImpl(Container.java:2310)
	at java.desktop/java.awt.Window.dispatchEventImpl(Window.java:2780)
	at java.desktop/java.awt.Component.dispatchEvent(Component.java:4833)
	at java.desktop/java.awt.EventQueue.dispatchEventImpl(EventQueue.java:773)
	at java.desktop/java.awt.EventQueue$4.run(EventQueue.java:722)
	at java.desktop/java.awt.EventQueue$4.run(EventQueue.java:716)
	at java.base/java.security.AccessController.doPrivileged(AccessController.java:399)
	at java.base/java.security.ProtectionDomain$JavaSecurityAccessImpl.doIntersectionPrivilege(ProtectionDomain.java:86)
	at java.base/java.security.ProtectionDomain$JavaSecurityAccessImpl.doIntersectionPrivilege(ProtectionDomain.java:97)
	at java.desktop/java.awt.EventQueue$5.run(EventQueue.java:746)
	at java.desktop/java.awt.EventQueue$5.run(EventQueue.java:744)
	at java.base/java.security.AccessController.doPrivileged(AccessController.java:399)
	at java.base/java.security.ProtectionDomain$JavaSecurityAccessImpl.doIntersectionPrivilege(ProtectionDomain.java:86)
	at java.desktop/java.awt.EventQueue.dispatchEvent(EventQueue.java:743)
	at java.desktop/java.awt.EventDispatchThread.pumpOneEventForFilters(EventDispatchThread.java:203)
	at java.desktop/java.awt.EventDispatchThread.pumpEventsForFilter(EventDispatchThread.java:124)
	at java.desktop/java.awt.EventDispatchThread.pumpEventsForHierarchy(EventDispatchThread.java:113)
	at java.desktop/java.awt.EventDispatchThread.pumpEvents(EventDispatchThread.java:109)
	at java.desktop/java.awt.EventDispatchThread.pumpEvents(EventDispatchThread.java:101)
	at java.desktop/java.awt.EventDispatchThread.run(EventDispatchThread.java:90)

Start Logging
2026-06-01T16:41:51.326006852
ECHO CHECK: path=/home/mia/IdeaProjects/Echo-VR-Installer/echovr/ready-at-dawn-echo-arena/bin/win10/echovr.exe exists=true
Could not set cookie storage path: com.sun.webkit.network.CookieManager.setStoragePath(java.lang.String)
Jun 01, 2026 4:42:53 PM com.sun.javafx.webkit.prism.WCMediaPlayerImpl$CreateThread run
WARNING: CreateThread ERROR: com.sun.media.jfxmedia.MediaException: Unrecognized file signature!
Jun 01, 2026 4:42:53 PM com.sun.javafx.webkit.prism.WCMediaPlayerImpl onError
WARNING: onError, errCode=0, msg=Unrecognized file signature!
ECHO CHECK: path=/home/mia/IdeaProjects/Echo-VR-Installer/echovr/ready-at-dawn-echo-arena/bin/win10/echovr.exe exists=true

Start Logging
2026-06-01T17:26:07.420693898
ECHO CHECK: path=/home/mia/IdeaProjects/Echo-VR-Installer/echovr/ready-at-dawn-echo-arena/bin/win10/echovr.exe exists=true

Start Logging
2026-06-01T17:27:50.058592446
ECHO CHECK: path=/home/mia/IdeaProjects/Echo-VR-Installer/echovr/ready-at-dawn-echo-arena/bin/win10/echovr.exe exists=true
Could not set cookie storage path: com.sun.webkit.network.CookieManager.setStoragePath(java.lang.String)

Start Logging
2026-06-01T17:35:30.822217984

Start Logging
2026-06-01T17:36:14.631426158
ECHO CHECK: path=/home/mia/IdeaProjects/Echo-VR-Installer/echovr/ready-at-dawn-echo-arena/bin/win10/echovr.exe exists=true

Start Logging
2026-06-01T17:37:14.156911357
ECHO CHECK: path=/home/mia/IdeaProjects/Echo-VR-Installer/echovr/ready-at-dawn-echo-arena/bin/win10/echovr.exe exists=true
OAuth2 callback error: Stream closed

Start Logging
2026-06-01T17:39:05.111587509
ECHO CHECK: path=/home/mia/IdeaProjects/Echo-VR-Installer/echovr/ready-at-dawn-echo-arena/bin/win10/echovr.exe exists=true

Start Logging
2026-06-03T15:07:43.304078128
ECHO CHECK: path=/home/mia/IdeaProjects/Echo-VR-Installer/echovr/ready-at-dawn-echo-arena/bin/win10/echovr.exe exists=true

Start Logging
2026-06-03T15:16:41.361467420
ECHO CHECK: path=/home/mia/IdeaProjects/Echo-VR-Installer/echovr/ready-at-dawn-echo-arena/bin/win10/echovr.exe exists=true

Start Logging
2026-06-03T15:36:07.470959154
ECHO CHECK: path=/home/mia/IdeaProjects/Echo-VR-Installer/echovr/ready-at-dawn-echo-arena/bin/win10/echovr.exe exists=true

Start Logging
2026-06-03T15:46:43.952379277
ECHO CHECK: path=/home/mia/IdeaProjects/Echo-VR-Installer/echovr/ready-at-dawn-echo-arena/bin/win10/echovr.exe exists=true

Start Logging
2026-06-03T15:49:42.803465224
ECHO CHECK: path=/home/mia/IdeaProjects/Echo-VR-Installer/echovr/ready-at-dawn-echo-arena/bin/win10/echovr.exe exists=true

Start Logging
2026-06-03T15:54:13.913362344
ECHO CHECK: path=/home/mia/IdeaProjects/Echo-VR-Installer/echovr/ready-at-dawn-echo-arena/bin/win10/echovr.exe exists=true

Start Logging
2026-06-03T15:59:07.739821889
ECHO CHECK: path=/home/mia/IdeaProjects/Echo-VR-Installer/echovr/ready-at-dawn-echo-arena/bin/win10/echovr.exe exists=true

Start Logging
2026-06-03T16:05:10.757547140
ECHO CHECK: path=/home/mia/IdeaProjects/Echo-VR-Installer/echovr/ready-at-dawn-echo-arena/bin/win10/echovr.exe exists=true

Start Logging
2026-06-03T16:14:30.927851875
ECHO CHECK: path=/home/mia/IdeaProjects/Echo-VR-Installer/echovr/ready-at-dawn-echo-arena/bin/win10/echovr.exe exists=true

Start Logging
2026-06-03T16:24:33.597265249
ECHO CHECK: path=/home/mia/IdeaProjects/Echo-VR-Installer/echovr/ready-at-dawn-echo-arena/bin/win10/echovr.exe exists=true
OAuth2 ERROR (ExecutionException): java.lang.RuntimeException: Failed to get patch URL from server
java.lang.RuntimeException: Failed to get patch URL from server
	at bl00dy_c0d3_.echovr_installer@1.0-SNAPSHOT/bl00dy_c0d3_.echovr_installer.DiscordOAuth2Flow.lambda$start$0(DiscordOAuth2Flow.java:79)
	at java.base/java.lang.Thread.run(Thread.java:842)

Start Logging
2026-06-03T16:36:32.112014108
ECHO CHECK: path=/home/mia/IdeaProjects/Echo-VR-Installer/echovr/ready-at-dawn-echo-arena/bin/win10/echovr.exe exists=true
OAuth2: Server returned status=200 body={"patchUrl": "https://cdn.discordapp.com/attachments/1511740414082814093/1511740424983941354/pnsovr.dll?ex=6a218d7c&is=6a203bfc&hm=b229773ed1580696823c971cdda944973f41789167ee1d15f087a46e3e701067&"}
OAuth2 ERROR (ExecutionException): java.lang.RuntimeException: Failed to get patch URL from server
java.lang.RuntimeException: Failed to get patch URL from server
	at bl00dy_c0d3_.echovr_installer@1.0-SNAPSHOT/bl00dy_c0d3_.echovr_installer.DiscordOAuth2Flow.lambda$start$0(DiscordOAuth2Flow.java:79)
	at java.base/java.lang.Thread.run(Thread.java:842)

Start Logging
2026-06-03T16:38:02.183703084
ECHO CHECK: path=/home/mia/IdeaProjects/Echo-VR-Installer/echovr/ready-at-dawn-echo-arena/bin/win10/echovr.exe exists=true
OAuth2: Server returned status=200 body={"patchUrl": "https://cdn.discordapp.com/attachments/1511740793042243808/1511740807164727346/pnsovr.dll?ex=6a218dd7&is=6a203c57&hm=5b029bad65719263f22971b42c512a15418bef91fab4212d17613b350c78fa54&"}
OAuth2 SUCCESS: URL=https://cdn.discordapp.com/attachments/1511740793042243808/1511740807164727346/pnsovr.dll?ex=6a218dd7&is=6a203c57&hm=5b029bad65719263f22971b42c512a15418bef91fab4212d17613b350c78fa54&
Online File size: 3617792 bytes
Downloader Logs:
File URL: https://cdn.discordapp.com/attachments/1511740793042243808/1511740807164727346/pnsovr.dll?ex=6a218dd7&is=6a203c57&hm=5b029bad65719263f22971b42c512a15418bef91fab4212d17613b350c78fa54&
localFilePath: /home/mia/IdeaProjects/Echo-VR-Installer/echovr/ready-at-dawn-echo-arena/bin/win10
File exists...deleted
Directory already exists
STARTED
OAuth2: Patch download complete from https://cdn.discordapp.com/attachments/1511740793042243808/1511740807164727346/pnsovr.dll?ex=6a218dd7&is=6a203c57&hm=5b029bad65719263f22971b42c512a15418bef91fab4212d17613b350c78fa54&
ECHO CHECK: path=/home/mia/IdeaProjects/Echo-VR-Installer/echovr/ready-at-dawn-echo-arena/bin/win10/echovr.exe exists=true

Start Logging
2026-06-03T16:41:41.519956954
ECHO CHECK: path=/home/mia/IdeaProjects/Echo-VR-Installer/echovr/ready-at-dawn-echo-arena/bin/win10/echovr.exe exists=true
OAuth2: Server returned status=200 body={"patchUrl": "https://cdn.discordapp.com/attachments/1511741728825151559/1511741742679064626/pnsovr.dll?ex=6a218eb6&is=6a203d36&hm=a514b9f78afa122d7ae4f8365307673ae40a85071df6f2d9ea67d1b4be7fd874&"}
OAuth2 SUCCESS: URL=https://cdn.discordapp.com/attachments/1511741728825151559/1511741742679064626/pnsovr.dll?ex=6a218eb6&is=6a203d36&hm=a514b9f78afa122d7ae4f8365307673ae40a85071df6f2d9ea67d1b4be7fd874&
Online File size: 3617792 bytes
Downloader Logs:
File URL: https://cdn.discordapp.com/attachments/1511741728825151559/1511741742679064626/pnsovr.dll?ex=6a218eb6&is=6a203d36&hm=a514b9f78afa122d7ae4f8365307673ae40a85071df6f2d9ea67d1b4be7fd874&
localFilePath: /home/mia/IdeaProjects/Echo-VR-Installer/echovr/ready-at-dawn-echo-arena/bin/win10
File exists...deleted
Directory already exists
STARTED
OAuth2: Patch download complete from https://cdn.discordapp.com/attachments/1511741728825151559/1511741742679064626/pnsovr.dll?ex=6a218eb6&is=6a203d36&hm=a514b9f78afa122d7ae4f8365307673ae40a85071df6f2d9ea67d1b4be7fd874&

Start Logging
2026-06-03T16:43:59.988513838
ECHO CHECK: path=/home/mia/IdeaProjects/Echo-VR-Installer/echovr/ready-at-dawn-echo-arena/bin/win10/echovr.exe exists=true
ECHO CHECK: path=/home/mia/IdeaProjects/Echo-VR-Installer/echovr/ready-at-dawn-echo-arena/bin/win10/echovr.exe exists=true
OAuth2: Server returned status=200 body={"patchUrl": "https://cdn.discordapp.com/attachments/1511742634815782982/1511742647780507860/pnsovr.dll?ex=6a218f8e&is=6a203e0e&hm=a01670a3b7e62a384a413018235cb9f45aa64551f143650fcd3a8d8d34127023&"}
OAuth2 SUCCESS: URL=https://cdn.discordapp.com/attachments/1511742634815782982/1511742647780507860/pnsovr.dll?ex=6a218f8e&is=6a203e0e&hm=a01670a3b7e62a384a413018235cb9f45aa64551f143650fcd3a8d8d34127023&
Online File size: 3617792 bytes
Downloader Logs:
File URL: https://cdn.discordapp.com/attachments/1511742634815782982/1511742647780507860/pnsovr.dll?ex=6a218f8e&is=6a203e0e&hm=a01670a3b7e62a384a413018235cb9f45aa64551f143650fcd3a8d8d34127023&
localFilePath: /home/mia/IdeaProjects/Echo-VR-Installer/echovr/ready-at-dawn-echo-arena/bin/win10
File exists...deleted
Directory already exists
STARTED
OAuth2: Patch download complete from https://cdn.discordapp.com/attachments/1511742634815782982/1511742647780507860/pnsovr.dll?ex=6a218f8e&is=6a203e0e&hm=a01670a3b7e62a384a413018235cb9f45aa64551f143650fcd3a8d8d34127023&

Start Logging
2026-06-03T16:46:49.249259920
ECHO CHECK: path=/home/mia/IdeaProjects/Echo-VR-Installer/echovr/ready-at-dawn-echo-arena/bin/win10/echovr.exe exists=true

Start Logging
2026-06-03T16:47:00.482808030
ECHO CHECK: path=/home/mia/IdeaProjects/Echo-VR-Installer/echovr/ready-at-dawn-echo-arena/bin/win10/echovr.exe exists=true

Start Logging
2026-06-03T16:56:28.118925567
ECHO CHECK: path=/home/mia/IdeaProjects/Echo-VR-Installer/echovr/ready-at-dawn-echo-arena/bin/win10/echovr.exe exists=true
OAuth2: Server returned status=200 body={"patchUrl": "https://cdn.discordapp.com/attachments/1511745469469163580/1511745484119736545/pnsovr.dll?ex=6a219232&is=6a2040b2&hm=01fdd3a2c4478c11e63857302ae394f58a8817ad65657485ba486f48f9f2a3b4&"}
OAuth2 SUCCESS: URL=https://cdn.discordapp.com/attachments/1511745469469163580/1511745484119736545/pnsovr.dll?ex=6a219232&is=6a2040b2&hm=01fdd3a2c4478c11e63857302ae394f58a8817ad65657485ba486f48f9f2a3b4&
Online File size: 3617792 bytes
Downloader Logs:
File URL: https://cdn.discordapp.com/attachments/1511745469469163580/1511745484119736545/pnsovr.dll?ex=6a219232&is=6a2040b2&hm=01fdd3a2c4478c11e63857302ae394f58a8817ad65657485ba486f48f9f2a3b4&
localFilePath: /home/mia/IdeaProjects/Echo-VR-Installer/echovr/ready-at-dawn-echo-arena/bin/win10
File exists...deleted
Directory already exists
STARTED
OAuth2: Patch download complete from https://cdn.discordapp.com/attachments/1511745469469163580/1511745484119736545/pnsovr.dll?ex=6a219232&is=6a2040b2&hm=01fdd3a2c4478c11e63857302ae394f58a8817ad65657485ba486f48f9f2a3b4&

Start Logging
2026-06-03T17:03:47.988318856
ECHO CHECK: path=/home/mia/IdeaProjects/Echo-VR-Installer/echovr/ready-at-dawn-echo-arena/bin/win10/echovr.exe exists=true
OAuth2: Server returned status=200 body={"patchUrl": "https://cdn.discordapp.com/attachments/1511747354913669330/1511747372093542462/pnsovr.dll?ex=6a2193f4&is=6a204274&hm=7ee560d6f2245fede3049486d4e2d3d4bb963fc77bd51ef3f206290c22f6d279&"}
OAuth2 SUCCESS: URL=https://cdn.discordapp.com/attachments/1511747354913669330/1511747372093542462/pnsovr.dll?ex=6a2193f4&is=6a204274&hm=7ee560d6f2245fede3049486d4e2d3d4bb963fc77bd51ef3f206290c22f6d279&
Online File size: 3617792 bytes
Downloader Logs:
File URL: https://cdn.discordapp.com/attachments/1511747354913669330/1511747372093542462/pnsovr.dll?ex=6a2193f4&is=6a204274&hm=7ee560d6f2245fede3049486d4e2d3d4bb963fc77bd51ef3f206290c22f6d279&
localFilePath: /home/mia/IdeaProjects/Echo-VR-Installer/echovr/ready-at-dawn-echo-arena/bin/win10
File exists...deleted
Directory already exists
STARTED
OAuth2: Patch download complete from https://cdn.discordapp.com/attachments/1511747354913669330/1511747372093542462/pnsovr.dll?ex=6a2193f4&is=6a204274&hm=7ee560d6f2245fede3049486d4e2d3d4bb963fc77bd51ef3f206290c22f6d279&

Start Logging
2026-06-03T17:05:01.451266472

Start Logging
2026-06-03T17:05:44.054267268
ECHO CHECK: path=/home/mia/IdeaProjects/Echo-VR-Installer/echovr/ready-at-dawn-echo-arena/bin/win10/echovr.exe exists=true

Start Logging
2026-06-03T17:11:04.393776847
ECHO CHECK: path=/home/mia/IdeaProjects/Echo-VR-Installer/echovr/ready-at-dawn-echo-arena/bin/win10/echovr.exe exists=true
OAuth2: Server returned status=200 body={"patchUrl": "https://cdn.discordapp.com/attachments/1511749124276490433/1511749138713415690/pnsovr.dll?ex=6a219599&is=6a204419&hm=2e25a538baacd7351a238b95f34ab21c4b020b955d9cfade596d202f1df02ca4&"}
OAuth2 SUCCESS: URL=https://cdn.discordapp.com/attachments/1511749124276490433/1511749138713415690/pnsovr.dll?ex=6a219599&is=6a204419&hm=2e25a538baacd7351a238b95f34ab21c4b020b955d9cfade596d202f1df02ca4&
Online File size: 3617792 bytes
Downloader Logs:
File URL: https://cdn.discordapp.com/attachments/1511749124276490433/1511749138713415690/pnsovr.dll?ex=6a219599&is=6a204419&hm=2e25a538baacd7351a238b95f34ab21c4b020b955d9cfade596d202f1df02ca4&
localFilePath: /home/mia/IdeaProjects/Echo-VR-Installer/echovr/ready-at-dawn-echo-arena/bin/win10
File exists...deleted
Directory already exists
STARTED
OAuth2: Patch download complete from https://cdn.discordapp.com/attachments/1511749124276490433/1511749138713415690/pnsovr.dll?ex=6a219599&is=6a204419&hm=2e25a538baacd7351a238b95f34ab21c4b020b955d9cfade596d202f1df02ca4&

Start Logging
2026-06-03T17:20:31.988747472
ECHO CHECK: path=/home/mia/IdeaProjects/Echo-VR-Installer/echovr/ready-at-dawn-echo-arena/bin/win10/echovr.exe exists=true
OAuth2: Server returned status=200 body={"patchUrl": "https://cdn.discordapp.com/attachments/1511751495102496858/1511751522289975378/pnsovr.dll?ex=6a2197d1&is=6a204651&hm=99dbaa906d7d7a8fe3ac0fc59097a9dd8e052ee2cadb62dae438a4024bec5885&"}
OAuth2 SUCCESS: URL=https://cdn.discordapp.com/attachments/1511751495102496858/1511751522289975378/pnsovr.dll?ex=6a2197d1&is=6a204651&hm=99dbaa906d7d7a8fe3ac0fc59097a9dd8e052ee2cadb62dae438a4024bec5885&
Online File size: 3617792 bytes
Downloader Logs:
File URL: https://cdn.discordapp.com/attachments/1511751495102496858/1511751522289975378/pnsovr.dll?ex=6a2197d1&is=6a204651&hm=99dbaa906d7d7a8fe3ac0fc59097a9dd8e052ee2cadb62dae438a4024bec5885&
localFilePath: /home/mia/IdeaProjects/Echo-VR-Installer/echovr/ready-at-dawn-echo-arena/bin/win10
File exists...deleted
Directory already exists
STARTED
OAuth2: Patch download complete from https://cdn.discordapp.com/attachments/1511751495102496858/1511751522289975378/pnsovr.dll?ex=6a2197d1&is=6a204651&hm=99dbaa906d7d7a8fe3ac0fc59097a9dd8e052ee2cadb62dae438a4024bec5885&

Start Logging
2026-06-03T17:24:27.402108691
ECHO CHECK: path=/home/mia/IdeaProjects/Echo-VR-Installer/echovr/ready-at-dawn-echo-arena/bin/win10/echovr.exe exists=true
OAuth2: Server returned status=200 body={"patchUrl": "https://cdn.discordapp.com/attachments/1511752490175954964/1511752502800945274/pnsovr.dll?ex=6a2198bb&is=6a20473b&hm=d23191ca1334a9c34665dfdf4ab4730fabc6863f3fcc1c689ce1e64b9979cc20&"}
OAuth2 SUCCESS: URL=https://cdn.discordapp.com/attachments/1511752490175954964/1511752502800945274/pnsovr.dll?ex=6a2198bb&is=6a20473b&hm=d23191ca1334a9c34665dfdf4ab4730fabc6863f3fcc1c689ce1e64b9979cc20&
Online File size: 3617792 bytes
Downloader Logs:
File URL: https://cdn.discordapp.com/attachments/1511752490175954964/1511752502800945274/pnsovr.dll?ex=6a2198bb&is=6a20473b&hm=d23191ca1334a9c34665dfdf4ab4730fabc6863f3fcc1c689ce1e64b9979cc20&
localFilePath: /home/mia/IdeaProjects/Echo-VR-Installer/echovr/ready-at-dawn-echo-arena/bin/win10
File exists...deleted
Directory already exists
STARTED
OAuth2: Patch download complete from https://cdn.discordapp.com/attachments/1511752490175954964/1511752502800945274/pnsovr.dll?ex=6a2198bb&is=6a20473b&hm=d23191ca1334a9c34665dfdf4ab4730fabc6863f3fcc1c689ce1e64b9979cc20&

Start Logging
2026-06-03T19:40:41.589183920
ECHO CHECK: path=/home/mia/IdeaProjects/Echo-VR-Installer/echovr/ready-at-dawn-echo-arena/bin/win10/echovr.exe exists=true
OAuth2: Server returned status=200 body={"patchUrl": "https://cdn.discordapp.com/attachments/1511786791185813514/1511786805937049710/pnsovr.dll?ex=6a21b8ae&is=6a20672e&hm=74d429f94e52b058489bffac1f69ceeacb895e53b2c2af5272d8234d9d965bb0&"}
OAuth2 SUCCESS: URL=https://cdn.discordapp.com/attachments/1511786791185813514/1511786805937049710/pnsovr.dll?ex=6a21b8ae&is=6a20672e&hm=74d429f94e52b058489bffac1f69ceeacb895e53b2c2af5272d8234d9d965bb0&
Online File size: 3617792 bytes
Downloader Logs:
File URL: https://cdn.discordapp.com/attachments/1511786791185813514/1511786805937049710/pnsovr.dll?ex=6a21b8ae&is=6a20672e&hm=74d429f94e52b058489bffac1f69ceeacb895e53b2c2af5272d8234d9d965bb0&
localFilePath: /home/mia/IdeaProjects/Echo-VR-Installer/echovr/ready-at-dawn-echo-arena/bin/win10
File exists...deleted
Directory already exists
STARTED
OAuth2: Patch download complete from https://cdn.discordapp.com/attachments/1511786791185813514/1511786805937049710/pnsovr.dll?ex=6a21b8ae&is=6a20672e&hm=74d429f94e52b058489bffac1f69ceeacb895e53b2c2af5272d8234d9d965bb0&

Start Logging
2026-06-03T19:42:06.928811293
ECHO CHECK: path=/home/mia/IdeaProjects/Echo-VR-Installer/echovr/ready-at-dawn-echo-arena/bin/win10/echovr.exe exists=true
OAuth2: Server returned status=200 body={"patchUrl": "https://cdn.discordapp.com/attachments/1511787276156407839/1511787298566705323/pnsovr.dll?ex=6a21b923&is=6a2067a3&hm=8b659e4641283b168dce2557075bba3d0ccf69d2f718365d366825d0362ada6e&"}
OAuth2 SUCCESS: URL=https://cdn.discordapp.com/attachments/1511787276156407839/1511787298566705323/pnsovr.dll?ex=6a21b923&is=6a2067a3&hm=8b659e4641283b168dce2557075bba3d0ccf69d2f718365d366825d0362ada6e&
Online File size: 3617792 bytes
Downloader Logs:
File URL: https://cdn.discordapp.com/attachments/1511787276156407839/1511787298566705323/pnsovr.dll?ex=6a21b923&is=6a2067a3&hm=8b659e4641283b168dce2557075bba3d0ccf69d2f718365d366825d0362ada6e&
localFilePath: /home/mia/IdeaProjects/Echo-VR-Installer/echovr/ready-at-dawn-echo-arena/bin/win10
File exists...deleted
Directory already exists
STARTED
OAuth2: Patch download complete from https://cdn.discordapp.com/attachments/1511787276156407839/1511787298566705323/pnsovr.dll?ex=6a21b923&is=6a2067a3&hm=8b659e4641283b168dce2557075bba3d0ccf69d2f718365d366825d0362ada6e&

Start Logging
2026-06-03T19:48:43.736613638
ECHO CHECK: path=/home/mia/IdeaProjects/Echo-VR-Installer/echovr/ready-at-dawn-echo-arena/bin/win10/echovr.exe exists=true
OAuth2: Server returned status=500 body={"error": "File generation failed"}
OAuth2 ERROR (ExecutionException): bl00dy_c0d3_.echovr_installer.DiscordOAuth2Flow$OAuth2Exception: Server returned error: {"error": "File generation failed"}
bl00dy_c0d3_.echovr_installer.DiscordOAuth2Flow$OAuth2Exception: Server returned error: {"error": "File generation failed"}
	at bl00dy_c0d3_.echovr_installer@1.0-SNAPSHOT/bl00dy_c0d3_.echovr_installer.DiscordOAuth2Flow.exchangeCode(DiscordOAuth2Flow.java:183)
	at bl00dy_c0d3_.echovr_installer@1.0-SNAPSHOT/bl00dy_c0d3_.echovr_installer.DiscordOAuth2Flow.lambda$start$2(DiscordOAuth2Flow.java:81)
	at java.base/java.lang.Thread.run(Thread.java:842)

Start Logging
2026-06-03T19:54:41.144695071
ECHO CHECK: path=/home/mia/IdeaProjects/Echo-VR-Installer/echovr/ready-at-dawn-echo-arena/bin/win10/echovr.exe exists=true
OAuth2: Server returned status=200 body={"patchUrl": "https://cdn.discordapp.com/attachments/1511790284294328351/1511790312207421592/pnsovr.dll?ex=6a21bbf2&is=6a206a72&hm=ac6b0237db16359f5280723be9bd7d599d8784c4741a1fb012dda6197d28b7ae&"}
OAuth2 SUCCESS: URL=https://cdn.discordapp.com/attachments/1511790284294328351/1511790312207421592/pnsovr.dll?ex=6a21bbf2&is=6a206a72&hm=ac6b0237db16359f5280723be9bd7d599d8784c4741a1fb012dda6197d28b7ae&
Online File size: 3617792 bytes
Downloader Logs:
File URL: https://cdn.discordapp.com/attachments/1511790284294328351/1511790312207421592/pnsovr.dll?ex=6a21bbf2&is=6a206a72&hm=ac6b0237db16359f5280723be9bd7d599d8784c4741a1fb012dda6197d28b7ae&
localFilePath: /home/mia/IdeaProjects/Echo-VR-Installer/echovr/ready-at-dawn-echo-arena/bin/win10
File exists...deleted
Directory already exists
STARTED
OAuth2: Patch download complete from https://cdn.discordapp.com/attachments/1511790284294328351/1511790312207421592/pnsovr.dll?ex=6a21bbf2&is=6a206a72&hm=ac6b0237db16359f5280723be9bd7d599d8784c4741a1fb012dda6197d28b7ae&
ECHO CHECK: path=/home/mia/IdeaProjects/Echo-VR-Installer/echovr/ready-at-dawn-echo-arena/bin/win10/echovr.exe exists=true
ECHO CHECK: path=/home/mia/IdeaProjects/Echo-VR-Installer/echovr/ready-at-dawn-echo-arena/bin/win10/echovr.exe exists=true
ECHO CHECK: path=/home/mia/IdeaProjects/Echo-VR-Installer/echovr/ready-at-dawn-echo-arena/bin/win10/echovr.exe exists=true
ECHO CHECK: path=/home/mia/IdeaProjects/Echo-VR-Installer/echovr/ready-at-dawn-echo-arena/bin/win10/echovr.exe exists=true
ECHO CHECK: path=/home/mia/IdeaProjects/Echo-VR-Installer/echovr/ready-at-dawn-echo-arena/bin/win10/echovr.exe exists=true
ECHO CHECK: path=/home/mia/IdeaProjects/Echo-VR-Installer/echovr/ready-at-dawn-echo-arena/bin/win10/echovr.exe exists=true
ECHO CHECK: path=/home/mia/IdeaProjects/Echo-VR-Installer/echovr/ready-at-dawn-echo-arena/bin/win10/echovr.exe exists=true
ECHO CHECK: path=/home/mia/IdeaProjects/Echo-VR-Installer/echovr/ready-at-dawn-echo-arena/bin/win10/echovr.exe exists=true

Start Logging
2026-06-03T20:46:08.500890619
ECHO CHECK: path=/home/mia/IdeaProjects/Echo-VR-Installer/echovr/ready-at-dawn-echo-arena/bin/win10/echovr.exe exists=true
ECHO CHECK: path=/home/mia/IdeaProjects/Echo-VR-Installer/echovr/ready-at-dawn-echo-arena/bin/win10/echovr.exe exists=true

Start Logging
2026-06-03T20:56:56.192863340
ECHO CHECK: path=/home/mia/IdeaProjects/Echo-VR-Installer/echovr/ready-at-dawn-echo-arena/bin/win10/echovr.exe exists=true
ECHO CHECK: path=/home/mia/IdeaProjects/Echo-VR-Installer/echovr/ready-at-dawn-echo-arena/bin/win10/echovr.exe exists=true
ECHO CHECK: path=/home/mia/IdeaProjects/Echo-VR-Installer/echovr/ready-at-dawn-echo-arena/bin/win10/echovr.exe exists=true

Start Logging
2026-06-03T21:00:56.706425830
ECHO CHECK: path=/home/mia/IdeaProjects/Echo-VR-Installer/echovr/ready-at-dawn-echo-arena/bin/win10/echovr.exe exists=true
ECHO CHECK: path=/home/mia/IdeaProjects/Echo-VR-Installer/echovr/ready-at-dawn-echo-arena/bin/win10/echovr.exe exists=true
ECHO CHECK: path=/home/mia/IdeaProjects/Echo-VR-Installer/echovr/ready-at-dawn-echo-arena/bin/win10/echovr.exe exists=true

Start Logging
2026-06-03T21:06:58.621606199
ECHO CHECK: path=/home/mia/IdeaProjects/Echo-VR-Installer/echovr/ready-at-dawn-echo-arena/bin/win10/echovr.exe exists=true
ECHO CHECK: path=/home/mia/IdeaProjects/Echo-VR-Installer/echovr/ready-at-dawn-echo-arena/bin/win10/echovr.exe exists=true
ECHO CHECK: path=/home/mia/IdeaProjects/Echo-VR-Installer/echovr/ready-at-dawn-echo-arena/bin/win10/echovr.exe exists=true

Start Logging
2026-06-03T21:20:22.022127998
ECHO CHECK: path=/home/mia/IdeaProjects/Echo-VR-Installer/echovr/ready-at-dawn-echo-arena/bin/win10/echovr.exe exists=true
ECHO CHECK: path=/home/mia/IdeaProjects/Echo-VR-Installer/echovr/ready-at-dawn-echo-arena/bin/win10/echovr.exe exists=true
ECHO CHECK: path=/home/mia/IdeaProjects/Echo-VR-Installer/echovr/ready-at-dawn-echo-arena/bin/win10/echovr.exe exists=true

Start Logging
2026-06-03T21:23:53.558824797
ECHO CHECK: path=/home/mia/IdeaProjects/Echo-VR-Installer/echovr/ready-at-dawn-echo-arena/bin/win10/echovr.exe exists=true

Start Logging
2026-06-03T21:31:34.640857175
ECHO CHECK: path=/home/mia/IdeaProjects/Echo-VR-Installer/echovr/ready-at-dawn-echo-arena/bin/win10/echovr.exe exists=true
ECHO CHECK: path=/home/mia/IdeaProjects/Echo-VR-Installer/echovr/ready-at-dawn-echo-arena/bin/win10/echovr.exe exists=true
ECHO CHECK: path=/home/mia/IdeaProjects/Echo-VR-Installer/echovr/ready-at-dawn-echo-arena/bin/win10/echovr.exe exists=true
ECHO CHECK: path=/home/mia/IdeaProjects/Echo-VR-Installer/echovr/ready-at-dawn-echo-arena/bin/win10/echovr.exe exists=true

Start Logging
2026-06-03T21:43:15.297522415
ECHO CHECK: path=/home/mia/IdeaProjects/Echo-VR-Installer/echovr/ready-at-dawn-echo-arena/bin/win10/echovr.exe exists=true

Start Logging
2026-06-03T21:49:34.095559797
ECHO CHECK: path=/home/mia/IdeaProjects/Echo-VR-Installer/echovr/ready-at-dawn-echo-arena/bin/win10/echovr.exe exists=true

Start Logging
2026-06-03T21:59:07.054376775
ECHO CHECK: path=/home/mia/IdeaProjects/Echo-VR-Installer/echovr/ready-at-dawn-echo-arena/bin/win10/echovr.exe exists=true

Start Logging
2026-06-03T22:01:46.366171043
ECHO CHECK: path=/home/mia/IdeaProjects/Echo-VR-Installer/echovr/ready-at-dawn-echo-arena/bin/win10/echovr.exe exists=true
ECHO CHECK: path=/home/mia/IdeaProjects/Echo-VR-Installer/echovr/ready-at-dawn-echo-arena/bin/win10/echovr.exe exists=true

Start Logging
2026-06-03T22:05:39.407334708
ECHO CHECK: path=/home/mia/IdeaProjects/Echo-VR-Installer/echovr/ready-at-dawn-echo-arena/bin/win10/echovr.exe exists=true
ECHO CHECK: path=/home/mia/IdeaProjects/Echo-VR-Installer/echovr/ready-at-dawn-echo-arena/bin/win10/echovr.exe exists=true
ECHO CHECK: path=/home/mia/IdeaProjects/Echo-VR-Installer/echovr/ready-at-dawn-echo-arena/bin/win10/echovr.exe exists=true
